\BOOKMARK [0][-]{chapter.1}{\376\377\000I\000n\000t\000r\000o\000d\000u\000c\000t\000i\000o\000n}{}% 1
\BOOKMARK [0][-]{chapter.2}{\376\377\000B\000a\000c\000k\000g\000a\000m\000m\000o\000n}{}% 2
\BOOKMARK [0][-]{chapter.3}{\376\377\000A\000I\000\040\000a\000l\000g\000o\000r\000i\000t\000h\000m\000s}{}% 3
\BOOKMARK [1][-]{section.3.1}{\376\377\000A\000l\000g\000o\000r\000i\000t\000h\000m\000s\000\040\000f\000o\000r\000\040\000b\000o\000a\000r\000d\000\040\000g\000a\000m\000e\000s}{chapter.3}% 4
\BOOKMARK [1][-]{section.3.2}{\376\377\000D\000e\000c\000i\000s\000i\000o\000n\000-\000M\000a\000k\000i\000n\000g\000\040\000A\000l\000g\000o\000r\000i\000t\000h\000m\000s}{chapter.3}% 5
\BOOKMARK [2][-]{subsection.3.2.1}{\376\377\000M\000i\000n\000i\000M\000a\000x}{section.3.2}% 6
\BOOKMARK [2][-]{subsection.3.2.2}{\376\377\000E\000x\000p\000e\000c\000t\000i\000M\000i\000n\000i\000M\000a\000x}{section.3.2}% 7
\BOOKMARK [0][-]{chapter.4}{\376\377\000I\000m\000p\000l\000e\000m\000e\000n\000t\000a\000t\000i\000o\000n\000\040\000o\000f\000\040\000B\000a\000c\000k\000g\000a\000m\000m\000o\000n\000\040\000a\000n\000d\000\040\000E\000x\000p\000e\000c\000t\000i\000M\000i\000n\000i\000M\000a\000x}{}% 8
\BOOKMARK [1][-]{section.4.1}{\376\377\000C\000o\000r\000e\000\040\000G\000a\000m\000e\000\040\000L\000o\000g\000i\000c}{chapter.4}% 9
\BOOKMARK [2][-]{subsection.4.1.1}{\376\377\000D\000a\000t\000a\000\040\000S\000t\000r\000u\000c\000t\000u\000r\000e\000s}{section.4.1}% 10
\BOOKMARK [2][-]{subsection.4.1.2}{\376\377\000G\000a\000m\000e\000\040\000F\000l\000o\000w}{section.4.1}% 11
\BOOKMARK [1][-]{section.4.2}{\376\377\000U\000s\000e\000r\000\040\000I\000n\000t\000e\000r\000f\000a\000c\000e}{chapter.4}% 12
\BOOKMARK [1][-]{section.4.3}{\376\377\000A\000r\000t\000i\000f\000i\000c\000i\000a\000l\000\040\000I\000n\000t\000e\000l\000l\000i\000g\000e\000n\000c\000e}{chapter.4}% 13
\BOOKMARK [2][-]{subsection.4.3.1}{\376\377\000A\000I\000\040\000P\000l\000a\000y\000e\000r\000\040\000A\000r\000c\000h\000i\000t\000e\000c\000t\000u\000r\000e}{section.4.3}% 14
\BOOKMARK [2][-]{subsection.4.3.2}{\376\377\000E\000x\000p\000e\000c\000t\000i\000M\000i\000n\000i\000M\000a\000x\000\040\000I\000m\000p\000l\000e\000m\000e\000n\000t\000a\000t\000i\000o\000n}{section.4.3}% 15
\BOOKMARK [0][-]{chapter.5}{\376\377\000O\000p\000t\000i\000m\000i\000z\000a\000t\000i\000o\000n\000s\000\040\000o\000f\000\040\000E\000x\000p\000e\000c\000t\000i\000M\000i\000n\000i\000M\000a\000x}{}% 16
\BOOKMARK [1][-]{section.5.1}{\376\377\000T\000i\000m\000e\000\040\000C\000o\000m\000p\000l\000e\000x\000i\000t\000y\000\040\000a\000n\000d\000\040\000t\000h\000e\000\040\000n\000e\000e\000d\000\040\000f\000o\000r\000\040\000o\000p\000t\000i\000m\000i\000z\000a\000t\000i\000o\000n}{chapter.5}% 17
\BOOKMARK [1][-]{section.5.2}{\376\377\000S\000e\000a\000r\000c\000h\000\040\000T\000r\000e\000e\000\040\000P\000r\000u\000n\000i\000n\000g\000\040\000w\000i\000t\000h\000\040\000S\000t\000a\000t\000e\000\040\000S\000o\000r\000t\000i\000n\000g}{chapter.5}% 18
\BOOKMARK [2][-]{subsection.5.2.1}{\376\377\000S\000o\000r\000t\000i\000n\000g\000\040\000m\000o\000v\000e\000s}{section.5.2}% 19
\BOOKMARK [1][-]{section.5.3}{\376\377\000O\000p\000t\000i\000m\000i\000z\000a\000t\000i\000o\000n\000s\000\040\000f\000o\000r\000\040\000e\000v\000a\000l\000u\000a\000t\000i\000o\000n\000\040\000f\000u\000n\000c\000t\000i\000o\000n}{chapter.5}% 20
\BOOKMARK [1][-]{section.5.4}{\376\377\000P\000a\000r\000a\000l\000l\000e\000l\000\040\000P\000r\000o\000c\000e\000s\000s\000i\000n\000g\000\040\000o\000f\000\040\000D\000i\000c\000e\000\040\000O\000u\000t\000c\000o\000m\000e\000s}{chapter.5}% 21
\BOOKMARK [1][-]{section.5.5}{\376\377\000S\000e\000l\000e\000c\000t\000i\000v\000e\000\040\000d\000e\000e\000p\000e\000n\000i\000n\000g}{chapter.5}% 22
\BOOKMARK [0][-]{chapter.6}{\376\377\000E\000v\000a\000l\000u\000a\000t\000i\000o\000n\000\040\000f\000u\000n\000c\000t\000i\000o\000n\000,\000\040\000f\000a\000c\000t\000o\000r\000s\000\040\000t\000h\000a\000t\000\040\000i\000m\000p\000a\000c\000t\000\040\000t\000h\000e\000\040\000g\000a\000m\000e}{}% 23
\BOOKMARK [1][-]{section.6.1}{\376\377\000E\000v\000a\000l\000u\000a\000t\000i\000o\000n\000\040\000F\000u\000n\000c\000t\000i\000o\000n}{chapter.6}% 24
\BOOKMARK [1][-]{section.6.2}{\376\377\000F\000a\000c\000t\000o\000r\000s}{chapter.6}% 25
\BOOKMARK [1][-]{section.6.3}{\376\377\000T\000e\000s\000t\000s}{chapter.6}% 26
\BOOKMARK [2][-]{subsection.6.3.1}{\376\377\000R\000e\000l\000e\000v\000a\000n\000c\000e\000\040\000o\000f\000\040\000t\000h\000e\000\040\000f\000a\000c\000t\000o\000r\000s}{section.6.3}% 27
\BOOKMARK [2][-]{subsection.6.3.2}{\376\377\000T\000e\000s\000t\000s\000\040\000a\000g\000a\000i\000n\000s\000t\000\040\000h\000u\000m\000a\000n\000\040\000p\000l\000a\000y\000e\000r\000s}{section.6.3}% 28
\BOOKMARK [0][-]{chapter.7}{\376\377\000C\000o\000n\000c\000l\000u\000s\000i\000o\000n}{}% 29
\BOOKMARK [0][-]{chapter*.18}{\376\377\000B\000i\000b\000l\000i\000o\000g\000r\000a\000p\000h\000y}{}% 30
\BOOKMARK [0][-]{appendix.A}{\376\377\000U\000s\000e\000r\000\040\000m\000a\000n\000u\000a\000l}{}% 31
\BOOKMARK [0][-]{appendix.B}{\376\377\000E\000x\000p\000e\000c\000t\000e\000d\000\040\000N\000u\000m\000b\000e\000r\000\040\000o\000f\000\040\000P\000o\000i\000n\000t\000s\000\040\000A\000d\000v\000a\000n\000c\000e\000d\000\040\000p\000e\000r\000\040\000T\000u\000r\000n}{}% 32
